// Jest Snapshot v1, https://goo.gl/fbAQLP

exports[`renders student's courses page unchanged 1`] = `
<div>
  <div
    class="flex justify-between items-center"
  >
    <h1
      class="text-xl font-semibold"
    >
      My Courses
    </h1>
  </div>
  <div
    class="mt-4 p-4 border rounded-md min-h-[calc(100vh-160px)]"
  >
    <div
      class="grid grid-cols-4 md:grid-cols-6 gap-4"
    >
      <a
        href="/courses/mockCourseCode"
      >
        <div
          class="rounded-lg border bg-card text-card-foreground shadow-sm h-40"
        >
          <div
            class="flex flex-col space-y-1.5 p-6"
          >
            <h3
              class="text-2xl font-semibold leading-none tracking-tight flex items-center space-x-2"
            >
              <span>
                mockCourseCode
              </span>
            </h3>
          </div>
          <div
            class="p-6 pt-0 space-y-2"
          >
            <h4
              class="font-medium"
            >
              mockCourseName
            </h4>
          </div>
        </div>
      </a>
    </div>
  </div>
</div>
`;
