// Jest Snapshot v1, https://goo.gl/fbAQLP

exports[`renders teacher's grading page unchanged 1`] = `
<div>
  <div
    class="flex justify-between items-center mb-4"
  >
    <h1
      class="text-xl font-semibold"
    >
      Grading Dashboard
    </h1>
    <a
      href="/courses/mock123"
    >
      <button
        class="inline-flex items-center justify-center whitespace-nowrap rounded-md text-sm font-medium ring-offset-background transition-colors focus-visible:outline-none focus-visible:ring-2 focus-visible:ring-ring focus-visible:ring-offset-2 disabled:pointer-events-none disabled:opacity-50 bg-secondary text-secondary-foreground hover:bg-secondary/80 h-10 px-4 py-2"
      >
        Return to course
      </button>
    </a>
  </div>
  <div
    class="rounded-md border"
  >
    <div
      class="relative w-full overflow-auto"
    >
      <table
        class="w-full caption-bottom text-sm"
      >
        <thead
          class="[&_tr]:border-b"
        >
          <tr
            class="border-b transition-colors hover:bg-muted/50 data-[state=selected]:bg-muted"
          >
            <th
              class="h-12 px-4 text-left align-middle font-medium text-muted-foreground [&:has([role=checkbox])]:pr-0"
            >
              Select
            </th>
            <th
              class="h-12 px-4 text-left align-middle font-medium text-muted-foreground [&:has([role=checkbox])]:pr-0"
            >
              Student Email
            </th>
            <th
              class="h-12 px-4 text-left align-middle font-medium text-muted-foreground [&:has([role=checkbox])]:pr-0"
            >
              Grades
            </th>
            <th
              class="h-12 px-4 text-left align-middle font-medium text-muted-foreground [&:has([role=checkbox])]:pr-0"
            >
              Feedback
            </th>
            <th
              class="h-12 px-4 text-left align-middle font-medium text-muted-foreground [&:has([role=checkbox])]:pr-0"
            >
              Action
            </th>
          </tr>
        </thead>
        <tbody
          class="[&_tr:last-child]:border-0"
        >
          <tr
            class="border-b transition-colors hover:bg-muted/50 data-[state=selected]:bg-muted"
            data-state="false"
          >
            <td
              class="p-4 align-middle [&:has([role=checkbox])]:pr-0"
            >
              <button
                aria-checked="false"
                aria-label="Select row"
                class="peer h-4 w-4 shrink-0 rounded-sm border border-primary ring-offset-background focus-visible:outline-none focus-visible:ring-2 focus-visible:ring-ring focus-visible:ring-offset-2 disabled:cursor-not-allowed disabled:opacity-50 data-[state=checked]:bg-primary data-[state=checked]:text-primary-foreground"
                data-state="unchecked"
                role="checkbox"
                type="button"
                value="on"
              />
            </td>
            <td
              class="p-4 align-middle [&:has([role=checkbox])]:pr-0"
            >
              <span>
                mockEmail2
              </span>
            </td>
            <td
              class="p-4 align-middle [&:has([role=checkbox])]:pr-0"
            >
              10
            </td>
            <td
              class="p-4 align-middle [&:has([role=checkbox])]:pr-0"
            >
              mockFeedba...
            </td>
            <td
              class="p-4 align-middle [&:has([role=checkbox])]:pr-0"
            >
              <a
                href="mockSubmissionId2"
              >
                <svg
                  class="lucide lucide-chevron-right-circle text-muted-foreground"
                  fill="none"
                  height="24"
                  stroke="currentColor"
                  stroke-linecap="round"
                  stroke-linejoin="round"
                  stroke-width="2"
                  viewBox="0 0 24 24"
                  width="24"
                  xmlns="http://www.w3.org/2000/svg"
                >
                  <circle
                    cx="12"
                    cy="12"
                    r="10"
                  />
                  <path
                    d="m10 8 4 4-4 4"
                  />
                </svg>
              </a>
            </td>
          </tr>
        </tbody>
      </table>
    </div>
  </div>
</div>
`;
